// Jest Snapshot v1, https://goo.gl/fbAQLP

exports[`matches snapshot 1`] = `
<DocumentFragment>
  <div
    class="Todo"
    id="12345"
  >
    <span>
      test
    </span>
    <button>
      X
    </button>
  </div>
</DocumentFragment>
`;
